// Jest Snapshot v1, https://goo.gl/fbAQLP

exports[`GolfCounterComponent Initial State 1`] = `
<div
  data-testid="counter-component"
>
  <button
    class="btn btn-primary"
    data-testid="decrement-button"
  >
     Decrease 
  </button>
  <span
    data-testid="current"
  >
    444
  </span>
  <button
    class="btn btn-primary"
    data-testid="increment-button"
  >
     Increase 
  </button>
</div>
`;

exports[`GolfCounterComponent demo of just a snapshot of a span 1`] = `
<span
  data-testid="current"
>
  444
</span>
`;
